// Jest Snapshot v1, https://goo.gl/fbAQLP

exports[`<TasksList /> should display tasks list sorted by "done" 1`] = `
<ul
  className="list"
>
  <Task
    done={false}
    id="id-1"
    key="id-1"
    onDelete={[MockFunction]}
    onToggleDone={[MockFunction]}
    text="Task 2"
  />
  <Task
    done={true}
    id="id-0"
    key="id-0"
    onDelete={[MockFunction]}
    onToggleDone={[MockFunction]}
    text="Task 1"
  />
  <Task
    done={true}
    id="id-2"
    key="id-2"
    onDelete={[MockFunction]}
    onToggleDone={[MockFunction]}
    text="Task 3"
  />
</ul>
`;
